2026-06-28 13:53:21,938 - generated new fontManager
2026-06-28 14:04:14,196 - Arquivo carregado com sucesso.
2026-06-28 14:04:14,196 - Linhas: 145
2026-06-28 14:04:14,196 - Colunas: 10
2026-06-28 14:04:55,841 - Arquivo carregado com sucesso.
2026-06-28 14:04:55,841 - Linhas: 145
2026-06-28 14:04:55,841 - Colunas: 10
2026-06-28 14:06:37,966 - INFO - Arquivo carregado.
2026-06-28 14:06:37,967 - INFO - Linhas: 145
2026-06-28 14:06:37,967 - INFO - Colunas: 10
2026-06-28 14:08:09,057 - INFO - Arquivo carregado.
2026-06-28 14:08:09,057 - INFO - Linhas: 145
2026-06-28 14:08:09,057 - INFO - Colunas: 10
2026-06-28 14:10:19,552 - INFO - Arquivo carregado.
2026-06-28 14:10:19,552 - INFO - Linhas: 145
2026-06-28 14:10:19,552 - INFO - Colunas: 10
2026-06-28 14:11:00,897 - INFO - Arquivo carregado.
2026-06-28 14:11:00,897 - INFO - Linhas: 145
2026-06-28 14:11:00,897 - INFO - Colunas: 10
2026-06-28 14:13:58,640 - INFO - Arquivo carregado.
2026-06-28 14:13:58,640 - INFO - Linhas: 145
2026-06-28 14:13:58,640 - INFO - Colunas: 10
2026-06-28 14:16:35,857 - INFO - Arquivo carregado.
2026-06-28 14:16:35,857 - INFO - Linhas: 145
2026-06-28 14:16:35,857 - INFO - Colunas: 10
2026-06-28 14:23:41,630 - INFO - Arquivo carregado.
2026-06-28 14:23:41,631 - INFO - Linhas: 145
2026-06-28 14:23:41,631 - INFO - Colunas: 10
